// Jest Snapshot v1, https://goo.gl/fbAQLP

exports[`Header should match snapshot 1`] = `
<header
  class="Header__StyledHeader-rts563-0 NgvZp"
>
  <div>
    Some Content
  </div>
</header>
`;
