// Jest Snapshot v1, https://goo.gl/fbAQLP

exports[`Heading1 should match snapshot 1`] = `
<h1
  class="Heading1__StyledHeading1-f9ligb-0 kWDRoF"
/>
`;
