// Jest Snapshot v1, https://goo.gl/fbAQLP

exports[`Footer should match snapshot 1`] = `
<footer
  class="Footer__StyledFooter-ge5quf-0 kftHFY"
>
  Footer
</footer>
`;
